// Jest Snapshot v1, https://goo.gl/fbAQLP

exports[`fetchProjectSaga should dispatch the fetchProjectsFail action if the response errors 1`] = `
Object {
  "@@redux-saga/IO": true,
  "CALL": Object {
    "args": Array [
      "/projects.json",
    ],
    "context": null,
    "fn": [Function],
  },
}
`;

exports[`fetchProjectSaga should dispatch the fetchProjectsSuccess action if it requests the data successfully 1`] = `
Object {
  "@@redux-saga/IO": true,
  "CALL": Object {
    "args": Array [
      "/projects.json",
    ],
    "context": null,
    "fn": [Function],
  },
}
`;
